// Jest Snapshot v1, https://goo.gl/fbAQLP

exports[`github app: kosko generate --dev 1`] = `
"---
apiVersion: v1
kind: Namespace
metadata:
  annotations:
    field.cattle.io/creatorId: gitlab
    field.cattle.io/projectId: ''
    git/branch: refs/heads/mybranch
    git/remote: socialgouv/myapp
    app.github.com/job: '5678'
    app.github.com/ref: refs/heads/mybranch
    app.github.com/repo: socialgouv/myapp
    app.github.com/run: '1234'
    app.github.com/sha: '0123456'
  labels:
    azure-pg-admin-user: myapp
    application: myapp
    owner: myapp
    team: myapp
    cert: wildcard
  name: myapp-mybranch
---
apiVersion: apps/v1
kind: Deployment
metadata:
  annotations:
    kapp.k14s.io/disable-default-ownership-label-rules: ''
    kapp.k14s.io/disable-default-label-scoping-rules: ''
    app.github.com/job: '5678'
    app.github.com/ref: refs/heads/mybranch
    app.github.com/repo: socialgouv/myapp
    app.github.com/run: '1234'
    app.github.com/sha: '0123456'
  labels:
    app: myapp
    application: myapp
    owner: myapp
    team: myapp
    cert: wildcard
  name: myapp
  namespace: myapp-mybranch
spec:
  replicas: 1
  selector:
    matchLabels:
      app: myapp
  template:
    metadata:
      annotations:
        kapp.k14s.io/disable-default-ownership-label-rules: ''
        kapp.k14s.io/disable-default-label-scoping-rules: ''
        app.github.com/job: '5678'
        app.github.com/ref: refs/heads/mybranch
        app.github.com/repo: socialgouv/myapp
        app.github.com/run: '1234'
        app.github.com/sha: '0123456'
      labels:
        app: myapp
        application: myapp
        owner: myapp
        team: myapp
        cert: wildcard
    spec:
      containers:
        - image: >-
            harbor.fabrique.social.gouv.fr/myapp/myapp:sha-0123456789abcdefghijklmnopqrstuvwxyz0123
          livenessProbe:
            failureThreshold: 6
            httpGet:
              path: /healthz
              port: http
            initialDelaySeconds: 30
            periodSeconds: 5
            timeoutSeconds: 5
          name: myapp
          ports:
            - containerPort: 3000
              name: http
          readinessProbe:
            failureThreshold: 15
            httpGet:
              path: /healthz
              port: http
            initialDelaySeconds: 0
            periodSeconds: 5
            successThreshold: 1
            timeoutSeconds: 1
          resources:
            limits:
              cpu: 200m
              memory: 256Mi
            requests:
              cpu: 50m
              memory: 128Mi
          startupProbe:
            failureThreshold: 12
            httpGet:
              path: /healthz
              port: http
            periodSeconds: 5
          env:
            - name: APP_BASE_URL
              value: https://myapp-mybranch.dev2.fabrique.social.gouv.fr
---
apiVersion: v1
kind: Service
metadata:
  labels:
    app: myapp
    application: myapp
    owner: myapp
    team: myapp
    cert: wildcard
  name: myapp
  annotations:
    kapp.k14s.io/disable-default-ownership-label-rules: ''
    kapp.k14s.io/disable-default-label-scoping-rules: ''
    app.github.com/job: '5678'
    app.github.com/ref: refs/heads/mybranch
    app.github.com/repo: socialgouv/myapp
    app.github.com/run: '1234'
    app.github.com/sha: '0123456'
  namespace: myapp-mybranch
spec:
  ports:
    - name: http
      port: 80
      targetPort: 3000
  selector:
    app: myapp
  type: ClusterIP
---
apiVersion: extensions/v1beta1
kind: Ingress
metadata:
  annotations:
    kubernetes.io/ingress.class: nginx
    kapp.k14s.io/disable-default-ownership-label-rules: ''
    kapp.k14s.io/disable-default-label-scoping-rules: ''
    app.github.com/job: '5678'
    app.github.com/ref: refs/heads/mybranch
    app.github.com/repo: socialgouv/myapp
    app.github.com/run: '1234'
    app.github.com/sha: '0123456'
  labels:
    app: myapp
    application: myapp
    owner: myapp
    team: myapp
    cert: wildcard
  name: myapp
  namespace: myapp-mybranch
spec:
  rules:
    - host: myapp-mybranch.dev2.fabrique.social.gouv.fr
      http:
        paths:
          - backend:
              serviceName: myapp
              servicePort: 80
            path: /
  tls:
    - hosts:
        - myapp-mybranch.dev2.fabrique.social.gouv.fr
      secretName: wildcard-crt
"
`;
