// Jest Snapshot v1, https://goo.gl/fbAQLP

exports[`subdomain: kosko generate --prod 1`] = `
"---
apiVersion: apps/v1
kind: Deployment
metadata:
  annotations:
    kapp.k14s.io/disable-default-ownership-label-rules: ''
    kapp.k14s.io/disable-default-label-scoping-rules: ''
    app.gitlab.com/app: socialgouv-myapp
    app.gitlab.com/env: prod2
    app.gitlab.com/env.name: prod2
  labels:
    app: myapp
    application: myapp
    owner: myapp
    team: myapp
    component: nginx
  name: myapp
  namespace: myapp
spec:
  replicas: 1
  selector:
    matchLabels:
      app: myapp
  template:
    metadata:
      annotations:
        kapp.k14s.io/disable-default-ownership-label-rules: ''
        kapp.k14s.io/disable-default-label-scoping-rules: ''
        app.gitlab.com/app: socialgouv-myapp
        app.gitlab.com/env: prod2
        app.gitlab.com/env.name: prod2
      labels:
        app: myapp
        application: myapp
        owner: myapp
        team: myapp
        component: nginx
    spec:
      containers:
        - image: harbor.fabrique.social.gouv.fr/myapp/myapp:1.2.3
          livenessProbe:
            failureThreshold: 6
            httpGet:
              path: /index.html
              port: http
            initialDelaySeconds: 30
            periodSeconds: 5
            timeoutSeconds: 5
          name: myapp
          ports:
            - containerPort: 80
              name: http
          readinessProbe:
            failureThreshold: 15
            httpGet:
              path: /index.html
              port: http
            initialDelaySeconds: 0
            periodSeconds: 5
            successThreshold: 1
            timeoutSeconds: 1
          resources:
            limits:
              cpu: 500m
              memory: 128Mi
            requests:
              cpu: 5m
              memory: 32Mi
          startupProbe:
            failureThreshold: 12
            httpGet:
              path: /index.html
              port: http
            periodSeconds: 5
---
apiVersion: v1
kind: Service
metadata:
  labels:
    app: myapp
    application: myapp
    owner: myapp
    team: myapp
  name: myapp
  annotations:
    kapp.k14s.io/disable-default-ownership-label-rules: ''
    kapp.k14s.io/disable-default-label-scoping-rules: ''
    app.gitlab.com/app: socialgouv-myapp
    app.gitlab.com/env: prod2
    app.gitlab.com/env.name: prod2
  namespace: myapp
spec:
  ports:
    - name: http
      port: 80
      targetPort: 80
  selector:
    app: myapp
  type: ClusterIP
---
apiVersion: extensions/v1beta1
kind: Ingress
metadata:
  annotations:
    kubernetes.io/ingress.class: nginx
    certmanager.k8s.io/cluster-issuer: letsencrypt-prod
    kubernetes.io/tls-acme: 'true'
    kapp.k14s.io/disable-default-ownership-label-rules: ''
    kapp.k14s.io/disable-default-label-scoping-rules: ''
    app.gitlab.com/app: socialgouv-myapp
    app.gitlab.com/env: prod2
    app.gitlab.com/env.name: prod2
  labels:
    app: myapp
    application: myapp
    owner: myapp
    team: myapp
  name: myapp
  namespace: myapp
spec:
  rules:
    - host: mysubdomain.fabrique.social.gouv.fr
      http:
        paths:
          - backend:
              serviceName: myapp
              servicePort: 80
            path: /
  tls:
    - hosts:
        - mysubdomain.fabrique.social.gouv.fr
      secretName: myapp-crt
"
`;
