// Jest Snapshot v1, https://goo.gl/fbAQLP

exports[`app: kosko generate --preprod 1`] = `
"---
apiVersion: v1
kind: Namespace
metadata:
  annotations:
    field.cattle.io/creatorId: gitlab
    field.cattle.io/projectId: ''
    git/branch: v1.2.3
    git/remote: >-
      https://gitlab-ci-token:[MASKED]@gitlab.factory.social.gouv.fr/SocialGouv/myapp.git
    app.gitlab.com/app: socialgouv-myapp
    app.gitlab.com/env: preprod-dev2
    app.gitlab.com/env.name: preprod-dev2
  labels:
    azure-pg-admin-user: myapp
    application: v1-2-3-myapp
    owner: myapp
    team: myapp
    cert: wildcard
  name: myapp-85-preprod-dev2
---
apiVersion: apps/v1
kind: Deployment
metadata:
  annotations:
    kapp.k14s.io/disable-default-ownership-label-rules: ''
    kapp.k14s.io/disable-default-label-scoping-rules: ''
    app.gitlab.com/app: socialgouv-myapp
    app.gitlab.com/env: preprod-dev2
    app.gitlab.com/env.name: preprod-dev2
  labels:
    app: static-ingress-annotations
    application: v1-2-3-myapp
    owner: myapp
    team: myapp
    cert: wildcard
    component: nginx
  name: static-ingress-annotations
  namespace: myapp-85-preprod-dev2
spec:
  replicas: 1
  selector:
    matchLabels:
      app: static-ingress-annotations
  template:
    metadata:
      annotations:
        kapp.k14s.io/disable-default-ownership-label-rules: ''
        kapp.k14s.io/disable-default-label-scoping-rules: ''
        app.gitlab.com/app: socialgouv-myapp
        app.gitlab.com/env: preprod-dev2
        app.gitlab.com/env.name: preprod-dev2
      labels:
        app: static-ingress-annotations
        application: v1-2-3-myapp
        owner: myapp
        team: myapp
        cert: wildcard
        component: nginx
    spec:
      containers:
        - image: >-
            harbor.fabrique.social.gouv.fr/static-ingress-annotations/static-ingress-annotations:1.2.3
          livenessProbe:
            failureThreshold: 6
            httpGet:
              path: /index.html
              port: http
            initialDelaySeconds: 30
            periodSeconds: 5
            timeoutSeconds: 5
          name: static-ingress-annotations
          ports:
            - containerPort: 80
              name: http
          readinessProbe:
            failureThreshold: 15
            httpGet:
              path: /index.html
              port: http
            initialDelaySeconds: 0
            periodSeconds: 5
            successThreshold: 1
            timeoutSeconds: 1
          resources:
            limits:
              cpu: 500m
              memory: 128Mi
            requests:
              cpu: 5m
              memory: 32Mi
          startupProbe:
            failureThreshold: 12
            httpGet:
              path: /index.html
              port: http
            periodSeconds: 5
---
apiVersion: v1
kind: Service
metadata:
  labels:
    app: static-ingress-annotations
    application: v1-2-3-myapp
    owner: myapp
    team: myapp
    cert: wildcard
  name: static-ingress-annotations
  annotations:
    kapp.k14s.io/disable-default-ownership-label-rules: ''
    kapp.k14s.io/disable-default-label-scoping-rules: ''
    app.gitlab.com/app: socialgouv-myapp
    app.gitlab.com/env: preprod-dev2
    app.gitlab.com/env.name: preprod-dev2
  namespace: myapp-85-preprod-dev2
spec:
  ports:
    - name: http
      port: 80
      targetPort: 80
  selector:
    app: static-ingress-annotations
  type: ClusterIP
---
apiVersion: extensions/v1beta1
kind: Ingress
metadata:
  annotations:
    kubernetes.io/ingress.class: nginx
    kapp.k14s.io/disable-default-ownership-label-rules: ''
    kapp.k14s.io/disable-default-label-scoping-rules: ''
    app.gitlab.com/app: socialgouv-myapp
    app.gitlab.com/env: preprod-dev2
    app.gitlab.com/env.name: preprod-dev2
    nginx.ingress.kubernetes.io/configuration-snippet: 'more_set_headers \\"X-Answer: 42\\";'
  labels:
    app: static-ingress-annotations
    application: v1-2-3-myapp
    owner: myapp
    team: myapp
    cert: wildcard
  name: static-ingress-annotations
  namespace: myapp-85-preprod-dev2
spec:
  rules:
    - host: preprod-myapp.dev2.fabrique.social.gouv.fr
      http:
        paths:
          - backend:
              serviceName: static-ingress-annotations
              servicePort: 80
            path: /
  tls:
    - hosts:
        - preprod-myapp.dev2.fabrique.social.gouv.fr
      secretName: wildcard-crt
"
`;
